[Vector sqrt of  512 elements]
CUDA kernel launch with  2 blocks of  256  threads
Copy output data from the CUDA device to the host memory
Test PASSED
Done
